
ldbanno "Zen68060Firmware_impl1.ncd" -n Verilog  -o "Zen68060Firmware_impl1_vo.vo"         -w -neg
ldbanno: version Diamond (64-bit) 3.14.0.75.2
Copyright (c) 1991-1994 by NeoCAD Inc. All rights reserved.
Copyright (c) 1995 AT&T Corp.   All rights reserved.
Copyright (c) 1995-2001 Lucent Technologies Inc.  All rights reserved.
Copyright (c) 2001 Agere Systems   All rights reserved.
Copyright (c) 2002-2024 Lattice Semiconductor Corporation,  All rights reserved.

Writing a Verilog netlist using the orca library type based on the Zen68060Firmware_impl1 design file.


Loading design for application ldbanno from file Zen68060Firmware_impl1.ncd.
Design name: mainLogic
NCD version: 3.3
Vendor:      LATTICE
Device:      LCMXO2-7000HC
Package:     TQFP144
Performance: 6
Loading device for application ldbanno from file 'xo2c7000.nph' in environment: C:/lscc/diamond/3.14/ispfpga.
Package Status:                     Final          Version 1.39.
Performance Hardware Data Status:   Final          Version 36.4.
Converting design Zen68060Firmware_impl1.ncd into .ldb format.
Loading preferences from zen68060firmware_impl1.prf.
Writing Verilog netlist to file Zen68060Firmware_impl1_vo.vo
Writing SDF timing to file Zen68060Firmware_impl1_vo.sdf
    <postMsg mid="35400250" type="Info"    dynamic="1" navigation="0" arg0="0"  />
Total CPU Time: 1 secs 
Total REAL Time: 2 secs 
Peak Memory Usage: 63 MB
