--------------------------------------------------------------------------------
Lattice Synthesis Timing Report, Version  
Mon Aug 31 11:40:50 2026

Copyright (c) 1991-1994 by NeoCAD Inc. All rights reserved.
Copyright (c) 1995 AT&T Corp.   All rights reserved.
Copyright (c) 1995-2001 Lucent Technologies Inc.  All rights reserved.
Copyright (c) 2001 Agere Systems   All rights reserved.
Copyright (c) 2002-2024 Lattice Semiconductor Corporation,  All rights reserved.

Report Information
------------------
Design:     mainLogic
Constraint file:  
Report level:    verbose report, limited to 3 items per constraint
--------------------------------------------------------------------------------



================================================================================
Constraint: create_clock -period 5.000000 -name clk1 [get_nets CLK_c]
            57 items scored, 4 timing errors detected.
--------------------------------------------------------------------------------


Error:  The following path violates requirements by 0.002ns

 Logical Details:  Cell type  Pin type       Cell name  (clock net +/-)

   Source:         FD1S3IX    CK             \u_pll/phase_count_i4  (from CLK_c +)
   Destination:    FD1P3AX    SP             \u_pll/PHASE_SEL_PLL__0__i1  (to CLK_c +)

   Delay:                   4.766ns  (33.4% logic, 66.6% route), 4 logic levels.

 Constraint Details:

      4.766ns data_path \u_pll/phase_count_i4 to \u_pll/PHASE_SEL_PLL__0__i1 violates
      5.000ns delay constraint less
      0.236ns LCE_S requirement (totaling 4.764ns) by 0.002ns

 Path Details: \u_pll/phase_count_i4 to \u_pll/PHASE_SEL_PLL__0__i1

   Name    Fanout   Delay (ns)          Pins               Resource(Cell.Net)
L_CO        ---     0.367             CK to Q              \u_pll/phase_count_i4 (from CLK_c)
Route         2   e 0.838                                  \u_pll/phase_count[4]
LUT4        ---     0.408              B to Z              \u_pll/i320_2_lut
Route         3   e 0.879                                  \u_pll/n370
LUT4        ---     0.408              B to Z              \u_pll/i1_4_lut
Route         2   e 0.798                                  \u_pll/PHASESTEP_PLL_N_48
LUT4        ---     0.408              C to Z              \u_pll/i346_3_lut_4_lut
Route         1   e 0.660                                  \u_pll/CLK_c_enable_1
                  --------
                    4.766  (33.4% logic, 66.6% route), 4 logic levels.


Error:  The following path violates requirements by 0.002ns

 Logical Details:  Cell type  Pin type       Cell name  (clock net +/-)

   Source:         FD1S3IX    CK             \u_pll/phase_count_i4  (from CLK_c +)
   Destination:    FD1P3IX    SP             \u_pll/phase_done_37  (to CLK_c +)

   Delay:                   4.766ns  (33.4% logic, 66.6% route), 4 logic levels.

 Constraint Details:

      4.766ns data_path \u_pll/phase_count_i4 to \u_pll/phase_done_37 violates
      5.000ns delay constraint less
      0.236ns LCE_S requirement (totaling 4.764ns) by 0.002ns

 Path Details: \u_pll/phase_count_i4 to \u_pll/phase_done_37

   Name    Fanout   Delay (ns)          Pins               Resource(Cell.Net)
L_CO        ---     0.367             CK to Q              \u_pll/phase_count_i4 (from CLK_c)
Route         2   e 0.838                                  \u_pll/phase_count[4]
LUT4        ---     0.408              B to Z              \u_pll/i320_2_lut
Route         3   e 0.879                                  \u_pll/n370
LUT4        ---     0.408              B to Z              \u_pll/i1_4_lut
Route         2   e 0.798                                  \u_pll/PHASESTEP_PLL_N_48
LUT4        ---     0.408              C to Z              \u_pll/i169_2_lut_3_lut_4_lut
Route         1   e 0.660                                  \u_pll/CLK_c_enable_4
                  --------
                    4.766  (33.4% logic, 66.6% route), 4 logic levels.


Error:  The following path violates requirements by 0.002ns

 Logical Details:  Cell type  Pin type       Cell name  (clock net +/-)

   Source:         FD1S3IX    CK             \u_pll/phase_count_i5  (from CLK_c +)
   Destination:    FD1P3AX    SP             \u_pll/PHASE_SEL_PLL__0__i1  (to CLK_c +)

   Delay:                   4.766ns  (33.4% logic, 66.6% route), 4 logic levels.

 Constraint Details:

      4.766ns data_path \u_pll/phase_count_i5 to \u_pll/PHASE_SEL_PLL__0__i1 violates
      5.000ns delay constraint less
      0.236ns LCE_S requirement (totaling 4.764ns) by 0.002ns

 Path Details: \u_pll/phase_count_i5 to \u_pll/PHASE_SEL_PLL__0__i1

   Name    Fanout   Delay (ns)          Pins               Resource(Cell.Net)
L_CO        ---     0.367             CK to Q              \u_pll/phase_count_i5 (from CLK_c)
Route         2   e 0.838                                  \u_pll/phase_count[5]
LUT4        ---     0.408              A to Z              \u_pll/i320_2_lut
Route         3   e 0.879                                  \u_pll/n370
LUT4        ---     0.408              B to Z              \u_pll/i1_4_lut
Route         2   e 0.798                                  \u_pll/PHASESTEP_PLL_N_48
LUT4        ---     0.408              C to Z              \u_pll/i346_3_lut_4_lut
Route         1   e 0.660                                  \u_pll/CLK_c_enable_1
                  --------
                    4.766  (33.4% logic, 66.6% route), 4 logic levels.

Warning: 5.002 ns is the maximum delay for this constraint.



================================================================================
Constraint: create_clock -period 5.000000 -name clk0 [get_nets CLKOS3]
            41 items scored, 4 timing errors detected.
--------------------------------------------------------------------------------


Error:  The following path violates requirements by 0.149ns

 Logical Details:  Cell type  Pin type       Cell name  (clock net +/-)

   Source:         FD1S3IX    CK             \pulse12point5/count_i0  (from CLKOS3 +)
   Destination:    FD1P3JX    SP             \pulse12point5/count_i2  (to CLKOS3 +)

   Delay:                   4.913ns  (32.4% logic, 67.6% route), 4 logic levels.

 Constraint Details:

      4.913ns data_path \pulse12point5/count_i0 to \pulse12point5/count_i2 violates
      5.000ns delay constraint less
      0.236ns LCE_S requirement (totaling 4.764ns) by 0.149ns

 Path Details: \pulse12point5/count_i0 to \pulse12point5/count_i2

   Name    Fanout   Delay (ns)          Pins               Resource(Cell.Net)
L_CO        ---     0.367             CK to Q              \pulse12point5/count_i0 (from CLKOS3)
Route         5   e 1.021                                  \pulse12point5/count[0]
LUT4        ---     0.408              B to Z              \pulse12point5/i127_2_lut_rep_4
Route         1   e 0.660                                  \pulse12point5/n419
LUT4        ---     0.408              B to Z              \pulse12point5/i252_4_lut
Route         5   e 0.981                                  \pulse12point5/PULSE_N_68
LUT4        ---     0.408              C to Z              \pulse12point5/i1_2_lut_3_lut
Route         1   e 0.660                                  \pulse12point5/CLKOS3_enable_1
                  --------
                    4.913  (32.4% logic, 67.6% route), 4 logic levels.


Error:  The following path violates requirements by 0.105ns

 Logical Details:  Cell type  Pin type       Cell name  (clock net +/-)

   Source:         FD1P3IX    CK             \pulse12point5/count_i1  (from CLKOS3 +)
   Destination:    FD1P3JX    SP             \pulse12point5/count_i2  (to CLKOS3 +)

   Delay:                   4.869ns  (32.7% logic, 67.3% route), 4 logic levels.

 Constraint Details:

      4.869ns data_path \pulse12point5/count_i1 to \pulse12point5/count_i2 violates
      5.000ns delay constraint less
      0.236ns LCE_S requirement (totaling 4.764ns) by 0.105ns

 Path Details: \pulse12point5/count_i1 to \pulse12point5/count_i2

   Name    Fanout   Delay (ns)          Pins               Resource(Cell.Net)
L_CO        ---     0.367             CK to Q              \pulse12point5/count_i1 (from CLKOS3)
Route         4   e 0.977                                  \pulse12point5/count[1]
LUT4        ---     0.408              A to Z              \pulse12point5/i127_2_lut_rep_4
Route         1   e 0.660                                  \pulse12point5/n419
LUT4        ---     0.408              B to Z              \pulse12point5/i252_4_lut
Route         5   e 0.981                                  \pulse12point5/PULSE_N_68
LUT4        ---     0.408              C to Z              \pulse12point5/i1_2_lut_3_lut
Route         1   e 0.660                                  \pulse12point5/CLKOS3_enable_1
                  --------
                    4.869  (32.7% logic, 67.3% route), 4 logic levels.


Error:  The following path violates requirements by 0.046ns

 Logical Details:  Cell type  Pin type       Cell name  (clock net +/-)

   Source:         FD1S3IX    CK             \pulse12point5/count_i0  (from CLKOS3 +)
   Destination:    FD1S3IX    D              \pulse12point5/count_i0  (to CLKOS3 +)

   Delay:                   4.913ns  (32.4% logic, 67.6% route), 4 logic levels.

 Constraint Details:

      4.913ns data_path \pulse12point5/count_i0 to \pulse12point5/count_i0 violates
      5.000ns delay constraint less
      0.133ns L_S requirement (totaling 4.867ns) by 0.046ns

 Path Details: \pulse12point5/count_i0 to \pulse12point5/count_i0

   Name    Fanout   Delay (ns)          Pins               Resource(Cell.Net)
L_CO        ---     0.367             CK to Q              \pulse12point5/count_i0 (from CLKOS3)
Route         5   e 1.021                                  \pulse12point5/count[0]
LUT4        ---     0.408              B to Z              \pulse12point5/i127_2_lut_rep_4
Route         1   e 0.660                                  \pulse12point5/n419
LUT4        ---     0.408              B to Z              \pulse12point5/i252_4_lut
Route         5   e 0.981                                  \pulse12point5/PULSE_N_68
LUT4        ---     0.408              B to Z              \pulse12point5/i338_2_lut
Route         1   e 0.660                                  \pulse12point5/count_3__N_59[0]
                  --------
                    4.913  (32.4% logic, 67.6% route), 4 logic levels.

Warning: 5.149 ns is the maximum delay for this constraint.


Timing Report Summary
--------------
--------------------------------------------------------------------------------
Constraint                              |   Constraint|       Actual|Levels
--------------------------------------------------------------------------------
                                        |             |             |
create_clock -period 5.000000 -name     |             |             |
clk1 [get_nets CLK_c]                   |     5.000 ns|     5.002 ns|     4 *
                                        |             |             |
create_clock -period 5.000000 -name     |             |             |
clk0 [get_nets CLKOS3]                  |     5.000 ns|     5.149 ns|     4 *
                                        |             |             |
--------------------------------------------------------------------------------


2 constraints not met.

--------------------------------------------------------------------------------
Critical Nets                           |   Loads|  Errors| % of total
--------------------------------------------------------------------------------
\pulse12point5/PULSE_N_68               |       5|       4|     50.00%
                                        |        |        |
\pulse12point5/n419                     |       1|       4|     50.00%
                                        |        |        |
\u_pll/PHASESTEP_PLL_N_48               |       2|       4|     50.00%
                                        |        |        |
\u_pll/n370                             |       3|       4|     50.00%
                                        |        |        |
\pulse12point5/CLKOS3_enable_1          |       1|       2|     25.00%
                                        |        |        |
\pulse12point5/count[0]                 |       5|       2|     25.00%
                                        |        |        |
\pulse12point5/count[1]                 |       4|       2|     25.00%
                                        |        |        |
\pulse12point5/count_3__N_59[0]         |       1|       2|     25.00%
                                        |        |        |
\u_pll/CLK_c_enable_1                   |       1|       2|     25.00%
                                        |        |        |
\u_pll/CLK_c_enable_4                   |       1|       2|     25.00%
                                        |        |        |
\u_pll/phase_count[4]                   |       2|       2|     25.00%
                                        |        |        |
\u_pll/phase_count[5]                   |       2|       2|     25.00%
                                        |        |        |
--------------------------------------------------------------------------------


Timing summary:
---------------

Timing errors: 8  Score: 310

Constraints cover  98 paths, 42 nets, and 91 connections (62.8% coverage)


Peak memory: 64565248 bytes, TRCE: 1249280 bytes, DLYMAN: 0 bytes
CPU_TIME_REPORT: 0 secs 
