--------------------------------------------------------------------------------
Lattice Synthesis Timing Report, Version  
Mon Aug 31 12:28:04 2026

Copyright (c) 1991-1994 by NeoCAD Inc. All rights reserved.
Copyright (c) 1995 AT&T Corp.   All rights reserved.
Copyright (c) 1995-2001 Lucent Technologies Inc.  All rights reserved.
Copyright (c) 2001 Agere Systems   All rights reserved.
Copyright (c) 2002-2024 Lattice Semiconductor Corporation,  All rights reserved.

Report Information
------------------
Design:     pulse_generator
Constraint file:  
Report level:    verbose report, limited to 3 items per constraint
--------------------------------------------------------------------------------



================================================================================
Constraint: create_clock -period 5.000000 -name clk0 [get_nets CLK400_c]
            50 items scored, 8 timing errors detected.
--------------------------------------------------------------------------------


Error:  The following path violates requirements by 0.060ns

 Logical Details:  Cell type  Pin type       Cell name  (clock net +/-)

   Source:         FD1P3AX    CK             remaining_49__i2  (from CLK400_c +)
   Destination:    FD1P3AX    SP             remaining_49__i1  (to CLK400_c +)

   Delay:                   4.824ns  (33.0% logic, 67.0% route), 4 logic levels.

 Constraint Details:

      4.824ns data_path remaining_49__i2 to remaining_49__i1 violates
      5.000ns delay constraint less
      0.236ns LCE_S requirement (totaling 4.764ns) by 0.060ns

 Path Details: remaining_49__i2 to remaining_49__i1

   Name    Fanout   Delay (ns)          Pins               Resource(Cell.Net)
L_CO        ---     0.367             CK to Q              remaining_49__i2 (from CLK400_c)
Route         2   e 0.838                                  remaining[2]
LUT4        ---     0.408              A to Z              i2_2_lut
Route         1   e 0.660                                  n6
LUT4        ---     0.408              C to Z              i59_4_lut
Route         2   e 0.798                                  PULSE_N_18
LUT4        ---     0.408              C to Z              i61_2_lut_3_lut
Route         4   e 0.937                                  CLK400_c_enable_4
                  --------
                    4.824  (33.0% logic, 67.0% route), 4 logic levels.


Error:  The following path violates requirements by 0.060ns

 Logical Details:  Cell type  Pin type       Cell name  (clock net +/-)

   Source:         FD1P3AX    CK             remaining_49__i2  (from CLK400_c +)
   Destination:    FD1P3AX    SP             remaining_49__i2  (to CLK400_c +)

   Delay:                   4.824ns  (33.0% logic, 67.0% route), 4 logic levels.

 Constraint Details:

      4.824ns data_path remaining_49__i2 to remaining_49__i2 violates
      5.000ns delay constraint less
      0.236ns LCE_S requirement (totaling 4.764ns) by 0.060ns

 Path Details: remaining_49__i2 to remaining_49__i2

   Name    Fanout   Delay (ns)          Pins               Resource(Cell.Net)
L_CO        ---     0.367             CK to Q              remaining_49__i2 (from CLK400_c)
Route         2   e 0.838                                  remaining[2]
LUT4        ---     0.408              A to Z              i2_2_lut
Route         1   e 0.660                                  n6
LUT4        ---     0.408              C to Z              i59_4_lut
Route         2   e 0.798                                  PULSE_N_18
LUT4        ---     0.408              C to Z              i61_2_lut_3_lut
Route         4   e 0.937                                  CLK400_c_enable_4
                  --------
                    4.824  (33.0% logic, 67.0% route), 4 logic levels.


Error:  The following path violates requirements by 0.060ns

 Logical Details:  Cell type  Pin type       Cell name  (clock net +/-)

   Source:         FD1P3AX    CK             remaining_49__i2  (from CLK400_c +)
   Destination:    FD1P3AX    SP             remaining_49__i3  (to CLK400_c +)

   Delay:                   4.824ns  (33.0% logic, 67.0% route), 4 logic levels.

 Constraint Details:

      4.824ns data_path remaining_49__i2 to remaining_49__i3 violates
      5.000ns delay constraint less
      0.236ns LCE_S requirement (totaling 4.764ns) by 0.060ns

 Path Details: remaining_49__i2 to remaining_49__i3

   Name    Fanout   Delay (ns)          Pins               Resource(Cell.Net)
L_CO        ---     0.367             CK to Q              remaining_49__i2 (from CLK400_c)
Route         2   e 0.838                                  remaining[2]
LUT4        ---     0.408              A to Z              i2_2_lut
Route         1   e 0.660                                  n6
LUT4        ---     0.408              C to Z              i59_4_lut
Route         2   e 0.798                                  PULSE_N_18
LUT4        ---     0.408              C to Z              i61_2_lut_3_lut
Route         4   e 0.937                                  CLK400_c_enable_4
                  --------
                    4.824  (33.0% logic, 67.0% route), 4 logic levels.

Warning: 5.060 ns is the maximum delay for this constraint.


Timing Report Summary
--------------
--------------------------------------------------------------------------------
Constraint                              |   Constraint|       Actual|Levels
--------------------------------------------------------------------------------
                                        |             |             |
create_clock -period 5.000000 -name     |             |             |
clk0 [get_nets CLK400_c]                |     5.000 ns|     5.060 ns|     4 *
                                        |             |             |
--------------------------------------------------------------------------------


1 constraints not met.

--------------------------------------------------------------------------------
Critical Nets                           |   Loads|  Errors| % of total
--------------------------------------------------------------------------------
CLK400_c_enable_4                       |       4|       8|     99.00%
                                        |        |        |
PULSE_N_18                              |       2|       8|     99.00%
                                        |        |        |
n6                                      |       1|       8|     99.00%
                                        |        |        |
remaining[2]                            |       2|       4|     50.00%
                                        |        |        |
remaining[3]                            |       2|       4|     50.00%
                                        |        |        |
--------------------------------------------------------------------------------


Timing summary:
---------------

Timing errors: 8  Score: 480

Constraints cover  50 paths, 18 nets, and 43 connections (78.2% coverage)


Peak memory: 63221760 bytes, TRCE: 1536000 bytes, DLYMAN: 0 bytes
CPU_TIME_REPORT: 0 secs 
