synthesis:  version Diamond (64-bit) 3.14.0.75.2

Copyright (c) 1991-1994 by NeoCAD Inc. All rights reserved.
Copyright (c) 1995 AT&T Corp.   All rights reserved.
Copyright (c) 1995-2001 Lucent Technologies Inc.  All rights reserved.
Copyright (c) 2001 Agere Systems   All rights reserved.
Copyright (c) 2002-2024 Lattice Semiconductor Corporation,  All rights reserved.
Sun Aug 30 13:42:10 2026


Command Line:  synthesis -f Zen68060Firmware_impl1_lattice.synproj -gui 

Synthesis options:
The -a option is MachXO2.
The -s option is 6.
The -t option is TQFP144.
The -d option is LCMXO2-7000HC.
Using package TQFP144.
Using performance grade 6.
                                                          

##########################################################

### Lattice Family : MachXO2

### Device  : LCMXO2-7000HC

### Package : TQFP144

### Speed   : 6

##########################################################

                                                          

INFO - synthesis: User-Selected Strategy Settings
Optimization goal = Balanced
Top-level module name = mainLogic.
Target frequency = 200.000000 MHz.
Maximum fanout = 1000.
Timing path count = 3
BRAM utilization = 100.000000 %
DSP usage = true
DSP utilization = 100.000000 %
fsm_encoding_style = auto
resolve_mixed_drivers = 0
fix_gated_clocks = 1

Mux style = Auto
Use Carry Chain = true
carry_chain_length = 0
Loop Limit = 1950.
Use IO Insertion = TRUE
Use IO Reg = AUTO

Resource Sharing = TRUE
Propagate Constants = TRUE
Remove Duplicate Registers = TRUE
force_gsr = auto
ROM style = auto
RAM style = auto
The -comp option is FALSE.
The -syn option is FALSE.
-p C:/lscc/diamond/3.14/bin/nt64/Zen68060Firmware (searchpath added)
-p C:/lscc/diamond/3.14/ispfpga/xo2c00/data (searchpath added)
-p C:/lscc/diamond/3.14/bin/nt64/Zen68060Firmware/impl1 (searchpath added)
-p C:/lscc/diamond/3.14/bin/nt64/Zen68060Firmware (searchpath added)
Verilog design file = C:/lscc/diamond/3.14/bin/nt64/Zen68060Firmware/Zen68060MachMainLogic.v
Verilog design file = C:/lscc/diamond/3.14/bin/nt64/Zen68060Firmware/ZenPLL.v
NGD file = Zen68060Firmware_impl1.ngd
-sdc option: SDC file input not used.
-lpf option: Output file option is ON.
Hardtimer checking is enabled (default). The -dt option is not used.
The -r option is OFF. [ Remove LOC Properties is OFF. ]
Technology check ok...

Analyzing Verilog file C:/lscc/diamond/3.14/ispfpga/userware/NT/SYNTHESIS_HEADERS/machxo2.v. VERI-1482
Compile design.
Compile Design Begin
Analyzing Verilog file c:/lscc/diamond/3.14/bin/nt64/zen68060firmware/zen68060machmainlogic.v. VERI-1482
Analyzing Verilog file c:/lscc/diamond/3.14/bin/nt64/zen68060firmware/zenpll.v. VERI-1482
Analyzing Verilog file C:/lscc/diamond/3.14/ispfpga/userware/NT/SYNTHESIS_HEADERS/machxo2.v. VERI-1482
Top module name (Verilog): mainLogic
INFO - synthesis: c:/lscc/diamond/3.14/bin/nt64/zen68060firmware/zen68060machmainlogic.v(13): compiling module mainLogic. VERI-1018
INFO - synthesis: c:/lscc/diamond/3.14/bin/nt64/zen68060firmware/zenpll.v(8): compiling module ZenPLL. VERI-1018
INFO - synthesis: C:/lscc/diamond/3.14/ispfpga/userware/NT/SYNTHESIS_HEADERS/machxo2.v(1124): compiling module VLO. VERI-1018
INFO - synthesis: C:/lscc/diamond/3.14/ispfpga/userware/NT/SYNTHESIS_HEADERS/machxo2.v(1730): compiling module EHXPLLJ(CLKOS3_DIV=1,CLKOS3_ENABLE="DISABLED",CLKOP_CPHASE=7,CLKOS_CPHASE=8,CLKOS2_CPHASE=7,DPHASE_SOURCE="ENABLED",PLLRST_ENA="ENABLED"). VERI-1018
WARNING - synthesis: c:/lscc/diamond/3.14/bin/nt64/zen68060firmware/zen68060machmainlogic.v(52): actual bit length 3 differs from formal bit length 2 for port PHASESEL. VERI-1330
WARNING - synthesis: c:/lscc/diamond/3.14/bin/nt64/zen68060firmware/zen68060machmainlogic.v(76): expression size 32 truncated to fit in target size 6. VERI-1209
Loading NGL library 'C:/lscc/diamond/3.14/ispfpga/xo2c00a/data/xo2alib.ngl'...
Loading NGL library 'C:/lscc/diamond/3.14/ispfpga/xo2c00/data/xo2clib.ngl'...
Loading NGL library 'C:/lscc/diamond/3.14/ispfpga/mg5g00/data/mg5glib.ngl'...
Loading NGL library 'C:/lscc/diamond/3.14/ispfpga/or5g00/data/orc5glib.ngl'...
Loading device for application map from file 'xo2c7000.nph' in environment: C:/lscc/diamond/3.14/ispfpga.
Package Status:                     Final          Version 1.39.
Top-level module name = mainLogic.



WARNING - synthesis: Bit 1 of Register PHASE_SEL_PLL__0 is stuck at Zero
GSR will not be inferred because no asynchronous signal was found in the netlist.
WARNING - synthesis: Initial value found on instance phase_count_i0 will be ignored.
Applying 200.000000 MHz constraint to all clocks

WARNING - synthesis: No user .sdc file.
Results of NGD DRC are available in mainLogic_drc.log.
Loading NGL library 'C:/lscc/diamond/3.14/ispfpga/xo2c00a/data/xo2alib.ngl'...
Loading NGL library 'C:/lscc/diamond/3.14/ispfpga/xo2c00/data/xo2clib.ngl'...
Loading NGL library 'C:/lscc/diamond/3.14/ispfpga/mg5g00/data/mg5glib.ngl'...
Loading NGL library 'C:/lscc/diamond/3.14/ispfpga/or5g00/data/orc5glib.ngl'...
All blocks are expanded and NGD expansion is successful.
Writing NGD file Zen68060Firmware_impl1.ngd.

################### Begin Area Report (mainLogic)######################
Number of register bits => 11 of 7209 (0 % )
CCU2D => 4
EHXPLLJ => 1
FD1P3AX => 3
FD1P3IX => 2
FD1S3IX => 6
GSR => 1
IB => 13
LUT4 => 23
OB => 5
################### End Area Report ##################

################### Begin BlackBox Report ######################
TSALL => 1
################### End BlackBox Report ##################

################### Begin Clock Report ######################
Clock Nets
Number of Clocks: 3
  Net : CLK_c, loads : 12
  Net : u_ZenPLL/CLKOS, loads : 2
  Net : u_ZenPLL/CLKOS2, loads : 2
Clock Enable Nets
Number of Clock Enables: 5
Top 5 highest fanout Clock Enables:
  Net : CLK_c_enable_3, loads : 1
  Net : CLK_c_enable_1, loads : 1
  Net : int_TA_SRAM_RD_N_27, loads : 1
  Net : CLK_c_enable_2, loads : 1
  Net : int_TA_SRAM_WR_N_23, loads : 1
Highest fanout non-clock nets
Top 10 highest fanout non-clock nets:
  Net : RESET_PLL_c, loads : 12
  Net : phase_count_5, loads : 6
  Net : phase_count_4, loads : 6
  Net : phase_count_3, loads : 6
  Net : phase_count_2, loads : 5
  Net : u_ZenPLL/LOCK_PLL_c, loads : 4
  Net : phase_done, loads : 4
  Net : phase_count_0, loads : 4
  Net : RW_OUT_c_c, loads : 3
  Net : phase_count_1, loads : 3
################### End Clock Report ##################

Timing Report Summary
--------------
--------------------------------------------------------------------------------
Constraint                              |   Constraint|       Actual|Levels
--------------------------------------------------------------------------------
                                        |             |             |
create_clock -period 5.000000 -name     |             |             |
clk0 [get_nets CLK_c]                   |  200.000 MHz|  162.022 MHz|     5 *
                                        |             |             |
--------------------------------------------------------------------------------


1 constraints not met.


Peak Memory Usage: 61.945  MB

--------------------------------------------------------------
Elapsed CPU time for LSE flow : 0.484  secs
--------------------------------------------------------------
