
         Lattice Mapping Report File for Design Module 'ZenMainLogic'


Design Information
------------------

Command line:   map -a MachXO2 -p LCMXO2-7000HC -t TQFP144 -s 6 -oc Commercial
     Zen68060Firmware_impl1.ngd -o Zen68060Firmware_impl1_map.ncd -pr
     Zen68060Firmware_impl1.prf -mp Zen68060Firmware_impl1.mrp -lpf C:/lscc/diam
     ond/3.14/bin/nt64/Zen68060Firmware/impl1/Zen68060Firmware_impl1.lpf -lpf
     C:/lscc/diamond/3.14/bin/nt64/Zen68060Firmware/Zen68060Firmware.lpf -c 0
     -gui -msgset C:/lscc/diamond/3.14/bin/nt64/Zen68060Firmware/promote.xml 
Target Vendor:  LATTICE
Target Device:  LCMXO2-7000HCTQFP144
Target Performance:   6
Mapper:  xo2c00,  version:  Diamond (64-bit) 3.14.0.75.2
Mapped on:  09/30/26  10:53:18

Design Summary
--------------

   Number of registers:     50 out of  7209 (1%)
      PFU registers:           50 out of  6864 (1%)
      PIO registers:            0 out of   345 (0%)
   Number of SLICEs:        28 out of  3432 (1%)
      SLICEs as Logic/ROM:     28 out of  3432 (1%)
      SLICEs as RAM:            0 out of  2574 (0%)
      SLICEs as Carry:          0 out of  3432 (0%)
   Number of LUT4s:         18 out of  6864 (0%)
      Number used as logic LUTs:         18
      Number used as distributed RAM:     0
      Number used as ripple logic:        0
      Number used as shift registers:     0
   Number of PIO sites used: 21 + 4(JTAG) out of 115 (22%)
   Number of block RAMs:  0 out of 26 (0%)
   Number of GSRs:        0 out of 1 (0%)
   EFB used :        No
   JTAG used :       No
   Readback used :   No
   Oscillator used : No
   Startup used :    No
   POR :             On
   Bandgap :         On
   Number of Power Controller:  0 out of 1 (0%)
   Number of Dynamic Bank Controller (BCINRD):  0 out of 6 (0%)
   Number of Dynamic Bank Controller (BCLVDSO):  0 out of 1 (0%)
   Number of DCCA:  0 out of 8 (0%)
   Number of DCMA:  0 out of 2 (0%)
   Number of PLLs:  1 out of 2 (50%)
   Number of DQSDLLs:  0 out of 2 (0%)
   Number of CLKDIVC:  0 out of 4 (0%)
   Number of ECLKSYNCA:  0 out of 4 (0%)
   Number of ECLKBRIDGECS:  0 out of 2 (0%)
   Notes:-
      1. Total number of LUT4s = (Number of logic LUT4s) + 2*(Number of
     distributed RAMs) + 2*(Number of ripple logic)
      2. Number of logic LUT4s does not include count of distributed RAM and
     ripple logic.
   Number of clocks:  3
     Net CLK_c: 5 loads, 5 rising, 0 falling (Driver: PIO CLK )
     Net CLKOS: 11 loads, 10 rising, 1 falling (Driver: u_ZenPLL/PLLInst_0 )

                                    Page 1




Design:  ZenMainLogic                                  Date:  09/30/26  10:53:18

Design Summary (cont)
---------------------
     Net CLKOS2: 13 loads, 12 rising, 1 falling (Driver: u_ZenPLL/PLLInst_0 )
   Number of Clock Enables:  0
   Number of LSRs:  6
     Net RST_c: 1 loads, 0 LSLICEs
     Net ROM_ADDR_N_5: 2 loads, 2 LSLICEs
     Net u_ROM_CS_TA/load_registered: 4 loads, 4 LSLICEs
     Net shift_reg_7_N_36_0: 3 loads, 3 LSLICEs
     Net u_ROM_CS_TA/u_SR_TA/load_registered: 5 loads, 5 LSLICEs
     Net u_RAM_CS_TA/u_SR_TA/shift_reg_7_N_36_0: 4 loads, 4 LSLICEs
   Number of nets driven by tri-state buffers:  0
   Top 10 highest fanout non-clock nets:
     Net RW_OUT_c_c: 9 loads
     Net u_ROM_CS_TA/load_registered: 7 loads
     Net u_ROM_CS_TA/u_SR_TA/load_registered: 6 loads
     Net ROM_CS_END: 5 loads
     Net shift_reg_7_N_36_0: 5 loads
     Net u_RAM_CS_TA/u_SR_TA/shift_reg_7_N_36_0: 5 loads
     Net TS_N_c: 4 loads
     Net int_RAM_CS_N: 3 loads
     Net ROM_ADDR_N_5: 3 loads
     Net state: 3 loads




   Number of warnings:  0
   Number of errors:    0
     

Design Errors/Warnings
----------------------

   No errors or warnings present.

IO (PIO) Attributes
-------------------

+---------------------+-----------+-----------+------------+
| IO Name             | Direction | Levelmode | IO         |
|                     |           |  IO_TYPE  | Register   |
+---------------------+-----------+-----------+------------+
| CLK                 | INPUT     | LVCMOS33  |            |
+---------------------+-----------+-----------+------------+
| A[23]               | INPUT     | LVCMOS33  |            |
+---------------------+-----------+-----------+------------+
| A[24]               | INPUT     | LVCMOS33  |            |
+---------------------+-----------+-----------+------------+
| A[25]               | INPUT     | LVCMOS33  |            |
+---------------------+-----------+-----------+------------+
| A[26]               | INPUT     | LVCMOS33  |            |
+---------------------+-----------+-----------+------------+
| A[27]               | INPUT     | LVCMOS33  |            |
+---------------------+-----------+-----------+------------+
| RAM_CS_N            | OUTPUT    | LVCMOS33  |            |
+---------------------+-----------+-----------+------------+
| A[28]               | INPUT     | LVCMOS33  |            |

                                    Page 2




Design:  ZenMainLogic                                  Date:  09/30/26  10:53:18

IO (PIO) Attributes (cont)
--------------------------
+---------------------+-----------+-----------+------------+
| RW_IN               | INPUT     | LVCMOS33  |            |
+---------------------+-----------+-----------+------------+
| A[29]               | INPUT     | LVCMOS33  |            |
+---------------------+-----------+-----------+------------+
| A[30]               | INPUT     | LVCMOS33  |            |
+---------------------+-----------+-----------+------------+
| A[31]               | INPUT     | LVCMOS33  |            |
+---------------------+-----------+-----------+------------+
| RST                 | INPUT     | LVCMOS33  |            |
+---------------------+-----------+-----------+------------+
| ROM_BUFFER_OE_N     | OUTPUT    | LVCMOS33  |            |
+---------------------+-----------+-----------+------------+
| TS_N                | INPUT     | LVCMOS33  |            |
+---------------------+-----------+-----------+------------+
| TA_N                | OUTPUT    | LVCMOS33  |            |
+---------------------+-----------+-----------+------------+
| ROM_OE_N            | OUTPUT    | LVCMOS33  |            |
+---------------------+-----------+-----------+------------+
| RW_OUT              | OUTPUT    | LVCMOS33  |            |
+---------------------+-----------+-----------+------------+
| ROM_CS_N            | OUTPUT    | LVCMOS33  |            |
+---------------------+-----------+-----------+------------+
| LOCK                | OUTPUT    | LVCMOS33  |            |
+---------------------+-----------+-----------+------------+
| RAM_OE_N            | OUTPUT    | LVCMOS33  |            |
+---------------------+-----------+-----------+------------+

Removed logic
-------------

Block i10 undriven or does not drive anything - clipped.
Block GSR_INST undriven or does not drive anything - clipped.
Signal u_ROM_CS_TA/u_SR_ROMS_CS/n308 was merged into signal
     u_ROM_CS_TA/load_registered
Signal Clock_N_46 was merged into signal CLKOS
Signal Clock_N_114 was merged into signal CLKOS2
Signal GND_net undriven or does not drive anything - clipped.
Signal VCC_net undriven or does not drive anything - clipped.
Block u_ROM_CS_TA/u_SR_ROMS_CS/i122_1_lut was optimized away.
Block u_ZenPLL/i197 was optimized away.
Block u_ZenPLL/i196 was optimized away.
Block i1 was optimized away.

     

PLL/DLL Summary
---------------

PLL 1:                                     Pin/Node Value
  PLL Instance Name:                                u_ZenPLL/PLLInst_0
  PLL Type:                                         EHXPLLJ
  Input Clock:                             PIN      CLK_c
  Output Clock(P):                         NODE     u_ZenPLL/CLKOP
  Output Clock(S):                         NODE     CLKOS
  Output Clock(S2):                        NODE     CLKOS2

                                    Page 3




Design:  ZenMainLogic                                  Date:  09/30/26  10:53:18

PLL/DLL Summary (cont)
----------------------
  Output Clock(S3):                                 NONE
  Feedback Signal:                         NODE     u_ZenPLL/CLKOP
  Reset Signal:                            PIN      RST_c
  M Divider Reset Signal:                           NONE
  C Divider Reset Signal:                           NONE
  D Divider Reset Signal:                           NONE
  Standby Signal:                                   NONE
  PLL LOCK signal:                         PIN      LOCK_c
  PLL Data bus CLK Signal:                          NONE
  PLL Data bus Strobe Signal:                       NONE
  PLL Data bus Reset Signal:                        NONE
  PLL Data bus Write Enable Signal:                 NONE
  PLL Data bus Address0:                            NONE
  PLL Data bus Address1:                            NONE
  PLL Data bus Address2:                            NONE
  PLL Data bus Address3:                            NONE
  PLL Data bus Address4:                            NONE
  PLL Data In bus Data0:                            NONE
  PLL Data In bus Data1:                            NONE
  PLL Data In bus Data2:                            NONE
  PLL Data In bus Data3:                            NONE
  PLL Data In bus Data4:                            NONE
  PLL Data In bus Data5:                            NONE
  PLL Data In bus Data6:                            NONE
  PLL Data In bus Data7:                            NONE
  PLL Data bus Acknowledge:                         NONE
  PLL Data Out bus Data0:                           NONE
  PLL Data Out bus Data1:                           NONE
  PLL Data Out bus Data2:                           NONE
  PLL Data Out bus Data3:                           NONE
  PLL Data Out bus Data4:                           NONE
  PLL Data Out bus Data5:                           NONE
  PLL Data Out bus Data6:                           NONE
  PLL Data Out bus Data7:                           NONE
  Input Clock Frequency (MHz):                      50.0000
  Output Clock(P) Frequency (MHz):                  50.0000
  Output Clock(S) Frequency (MHz):                  200.0000
  Output Clock(S2) Frequency (MHz):                 200.0000
  Output Clock(S3) Frequency (MHz):                 NA
  CLKOP Post Divider A Input:                       DIVA
  CLKOS Post Divider B Input:                       DIVB
  CLKOS2 Post Divider C Input:                      DIVC
  CLKOS3 Post Divider D Input:                      DIVD
  Pre Divider A Input:                              VCO_PHASE
  Pre Divider B Input:                              VCO_PHASE
  Pre Divider C Input:                              VCO_PHASE
  Pre Divider D Input:                              VCO_PHASE
  VCO Bypass A Input:                               VCO_PHASE
  VCO Bypass B Input:                               VCO_PHASE
  VCO Bypass C Input:                               VCO_PHASE
  VCO Bypass D Input:                               VCO_PHASE
  FB_MODE:                                          CLKOP
  CLKI Divider:                                     1
  CLKFB Divider:                                    1
  CLKOP Divider:                                    12
  CLKOS Divider:                                    3

                                    Page 4




Design:  ZenMainLogic                                  Date:  09/30/26  10:53:18

PLL/DLL Summary (cont)
----------------------
  CLKOS2 Divider:                                   3
  CLKOS3 Divider:                                   1
  Fractional N Divider:                             0
  CLKOP Desired Phase Shift(degree):                0
  CLKOP Trim Option Rising/Falling:                 RISING
  CLKOP Trim Option Delay:                          0
  CLKOS Desired Phase Shift(degree):                135
  CLKOS Trim Option Rising/Falling:                 RISING
  CLKOS Trim Option Delay:                          0
  CLKOS2 Desired Phase Shift(degree):               315
  CLKOS3 Desired Phase Shift(degree):               0

ASIC Components
---------------

Instance Name: u_ZenPLL/PLLInst_0
         Type: EHXPLLJ

PGROUP Utilization
------------------

PGROUP "RAMCSTA":
   Logic contained: 15 SLICEs, 4 PFUs
   Bounded Area:    (Unbounded)
PGROUP "ROMCSTA":
   Logic contained: 13 SLICEs, 4 PFUs
   Bounded Area:    (Unbounded)

Run Time and Memory Usage
-------------------------

   Total CPU Time: 0 secs  
   Total REAL Time: 0 secs  
   Peak Memory Usage: 62 MB
        






















                                    Page 5


Copyright (c) 1991-1994 by NeoCAD Inc. All rights reserved.
     Copyright (c) 1995 AT&T Corp.   All rights reserved.
     Copyright (c) 1995-2001 Lucent Technologies Inc.  All rights reserved.
     Copyright (c) 2001 Agere Systems   All rights reserved.
     Copyright (c) 2002-2024 Lattice Semiconductor Corporation,  All rights
     reserved.
